V3 7
FL C:/Users/Administrator/Documents/GitHub/lissajous/test/VGA_test/vga_controller.vhd 2012/08/17.02:04:53 O.87xd
EN work/vga_controller 1345183503 \
      FL C:/Users/Administrator/Documents/GitHub/lissajous/test/VGA_test/vga_controller.vhd \
      PB ieee/std_logic_1164 1325952872 PB ieee/std_logic_arith 1325952873 \
      PB ieee/STD_LOGIC_UNSIGNED 1325952875 PB ieee/NUMERIC_STD 1325952877
AR work/vga_controller/Structural 1345183504 \
      FL C:/Users/Administrator/Documents/GitHub/lissajous/test/VGA_test/vga_controller.vhd \
      EN work/vga_controller 1345183503 CP vga_test_pattern
FL C:/Users/Administrator/Documents/GitHub/lissajous/test/VGA_test/vga_test_pattern.vhd 2012/08/14.16:33:42 O.87xd
EN work/vga_test_pattern 1345183501 \
      FL C:/Users/Administrator/Documents/GitHub/lissajous/test/VGA_test/vga_test_pattern.vhd \
      PB ieee/std_logic_1164 1325952872 PB ieee/std_logic_arith 1325952873 \
      PB ieee/STD_LOGIC_UNSIGNED 1325952875
AR work/vga_test_pattern/Behavioral 1345183502 \
      FL C:/Users/Administrator/Documents/GitHub/lissajous/test/VGA_test/vga_test_pattern.vhd \
      EN work/vga_test_pattern 1345183501
